[2025-08-07 01:37:11] INFO: [45mServer started successfully on port 3000[49m
[2025-08-07 01:37:11] INFO: Connected to PostgreSQL database

[2025-08-07 01:37:11] INFO: [45mServer started successfully on port 3000[49m
[2025-08-07 01:37:11] INFO: Connected to PostgreSQL database
[2025-08-07 12:05:24] INFO: [45mServer started successfully on port 3000[49m
[2025-08-07 12:05:24] INFO: Connected to PostgreSQL database
[2025-08-07 12:08:49] INFO: [45mServer started successfully on port 3000[49m
[2025-08-07 12:08:49] INFO: Connected to PostgreSQL database
[2025-08-07 12:19:55] INFO: [45mServer started successfully on port 3000[49m
[2025-08-07 12:19:55] INFO: Connected to PostgreSQL database
[2025-08-07 12:21:52] HTTP: ::1 - - [07/Aug/2025:09:21:52 +0000] "POST /auth/signin HTTP/1.1" 200 285 "-" "PostmanRuntime/7.45.0"
[2025-08-07 12:22:10] HTTP: ::1 - - [07/Aug/2025:09:22:10 +0000] "GET /users HTTP/1.1" 200 382 "-" "PostmanRuntime/7.45.0"
[2025-08-07 12:22:19] HTTP: ::1 - - [07/Aug/2025:09:22:19 +0000] "GET /users/1 HTTP/1.1" 200 192 "-" "PostmanRuntime/7.45.0"
[2025-08-07 12:22:22] HTTP: ::1 - - [07/Aug/2025:09:22:22 +0000] "GET /users/1 HTTP/1.1" 200 192 "-" "PostmanRuntime/7.45.0"
[2025-08-07 12:22:25] HTTP: ::1 - - [07/Aug/2025:09:22:25 +0000] "GET /users/1 HTTP/1.1" 200 192 "-" "PostmanRuntime/7.45.0"
[2025-08-07 12:22:26] HTTP: ::1 - - [07/Aug/2025:09:22:26 +0000] "GET /users/1 HTTP/1.1" 200 192 "-" "PostmanRuntime/7.45.0"
[2025-08-11 12:54:08] ERROR: Error connecting: getaddrinfo ENOTFOUND db
[2025-08-11 12:54:30] INFO: Connected to PostgreSQL database
[2025-08-11 12:54:30] INFO: Schema 'cardealership' ensured
[2025-08-11 12:54:30] INFO: Database synced
[2025-08-11 12:54:30] INFO: [45mServer started successfully on port 3000[49m
[2025-08-11 12:55:07] HTTP: ::1 - - [11/Aug/2025:09:55:07 +0000] "GET /users/1 HTTP/1.1" 403 38 "-" "PostmanRuntime/7.45.0"
[2025-08-11 12:55:23] HTTP: ::1 - - [11/Aug/2025:09:55:23 +0000] "POST /auth/signin HTTP/1.1" 200 285 "-" "PostmanRuntime/7.45.0"
[2025-08-11 12:55:39] HTTP: ::1 - - [11/Aug/2025:09:55:39 +0000] "GET /users HTTP/1.1" 200 382 "-" "PostmanRuntime/7.45.0"
[2025-08-11 12:56:14] HTTP: ::1 - - [11/Aug/2025:09:56:14 +0000] "POST /auth/signup HTTP/1.1" 500 80 "-" "PostmanRuntime/7.45.0"
[2025-08-11 12:56:54] INFO: Connected to PostgreSQL database
[2025-08-11 12:56:54] INFO: Schema 'cardealership' ensured
[2025-08-11 12:56:54] INFO: Database synced
[2025-08-11 12:56:54] INFO: [45mServer started successfully on port 3000[49m
[2025-08-11 12:57:03] HTTP: ::1 - - [11/Aug/2025:09:57:03 +0000] "GET /users HTTP/1.1" 200 382 "-" "PostmanRuntime/7.45.0"
[2025-08-11 12:57:08] HTTP: ::1 - - [11/Aug/2025:09:57:08 +0000] "POST /auth/signup HTTP/1.1" 500 28 "-" "PostmanRuntime/7.45.0"
[2025-08-11 13:00:30] INFO: Connected to PostgreSQL database
[2025-08-11 13:00:30] INFO: Schema 'cardealership' ensured
[2025-08-11 13:00:30] INFO: Database synced
[2025-08-11 13:00:30] INFO: [45mServer started successfully on port 3000[49m
[2025-08-11 13:00:36] HTTP: ::1 - - [11/Aug/2025:10:00:36 +0000] "POST /auth/signup HTTP/1.1" 500 28 "-" "PostmanRuntime/7.45.0"
[2025-08-11 13:00:47] HTTP: ::1 - - [11/Aug/2025:10:00:47 +0000] "POST /auth/signup HTTP/1.1" 201 193 "-" "PostmanRuntime/7.45.0"
[2025-08-11 13:01:05] HTTP: ::1 - - [11/Aug/2025:10:01:05 +0000] "POST /auth/signin HTTP/1.1" 200 292 "-" "PostmanRuntime/7.45.0"
[2025-08-11 13:01:16] HTTP: ::1 - - [11/Aug/2025:10:01:16 +0000] "POST /auth/refresh HTTP/1.1" 200 213 "-" "PostmanRuntime/7.45.0"
[2025-08-11 13:01:32] HTTP: ::1 - - [11/Aug/2025:10:01:32 +0000] "GET /users HTTP/1.1" 403 62 "-" "PostmanRuntime/7.45.0"
[2025-08-11 13:01:50] HTTP: ::1 - - [11/Aug/2025:10:01:50 +0000] "POST /auth/logout HTTP/1.1" 200 37 "-" "PostmanRuntime/7.45.0"
[2025-08-11 13:01:57] HTTP: ::1 - - [11/Aug/2025:10:01:57 +0000] "POST /auth/signin HTTP/1.1" 200 285 "-" "PostmanRuntime/7.45.0"
[2025-08-11 13:02:33] HTTP: ::1 - - [11/Aug/2025:10:02:33 +0000] "GET /users HTTP/1.1" 200 576 "-" "PostmanRuntime/7.45.0"
[2025-08-11 13:03:20] ERROR: Reached the max retries per request limit (which is 20). Refer to "maxRetriesPerRequest" option for details.
[2025-08-11 13:03:20] HTTP: ::1 - - [11/Aug/2025:10:03:20 +0000] "GET /users/1 HTTP/1.1" 500 124 "-" "PostmanRuntime/7.45.0"
[2025-08-11 13:03:36] HTTP: ::1 - - [11/Aug/2025:10:03:36 +0000] "GET /users HTTP/1.1" 200 576 "-" "PostmanRuntime/7.45.0"
[2025-08-11 13:03:53] HTTP: ::1 - - [11/Aug/2025:10:03:53 +0000] "GET /users/1 HTTP/1.1" - - "-" "PostmanRuntime/7.45.0"
[2025-08-11 13:03:57] HTTP: ::1 - - [11/Aug/2025:10:03:57 +0000] "GET /users/1 HTTP/1.1" - - "-" "PostmanRuntime/7.45.0"
[2025-08-11 13:04:02] ERROR: Reached the max retries per request limit (which is 20). Refer to "maxRetriesPerRequest" option for details.
[2025-08-11 13:04:02] ERROR: Reached the max retries per request limit (which is 20). Refer to "maxRetriesPerRequest" option for details.
[2025-08-11 13:04:44] HTTP: ::1 - - [11/Aug/2025:10:04:44 +0000] "DELETE /users/5 HTTP/1.1" 400 124 "-" "PostmanRuntime/7.45.0"
[2025-08-11 13:10:28] INFO: Connected to PostgreSQL database
[2025-08-11 13:10:28] INFO: Schema 'cardealership' ensured
[2025-08-11 13:10:28] INFO: Database synced
[2025-08-11 13:10:28] INFO: [45mServer started successfully on port 3000[49m
[2025-08-11 13:10:33] HTTP: ::1 - - [11/Aug/2025:10:10:33 +0000] "DELETE /users/5 HTTP/1.1" 400 38 "-" "PostmanRuntime/7.45.0"
[2025-08-11 13:11:11] ERROR: Reached the max retries per request limit (which is 20). Refer to "maxRetriesPerRequest" option for details.
[2025-08-11 13:11:11] HTTP: ::1 - - [11/Aug/2025:10:11:11 +0000] "GET /users/1 HTTP/1.1" 500 124 "-" "PostmanRuntime/7.45.0"
[2025-08-11 13:11:46] INFO: Connected to PostgreSQL database
[2025-08-11 13:11:46] INFO: Schema 'cardealership' ensured
[2025-08-11 13:11:46] INFO: Database synced
[2025-08-11 13:11:46] INFO: [45mServer started successfully on port 3000[49m
[2025-08-11 13:11:49] HTTP: ::1 - - [11/Aug/2025:10:11:49 +0000] "GET /users/1 HTTP/1.1" 200 192 "-" "PostmanRuntime/7.45.0"
[2025-08-11 13:15:43] INFO: Connected to PostgreSQL database
[2025-08-11 13:15:43] INFO: Schema 'cardealership' ensured
[2025-08-11 13:15:43] INFO: Database synced
[2025-08-11 13:15:43] INFO: [45mServer started successfully on port 3000[49m
[2025-08-11 13:18:19] INFO: Connected to PostgreSQL database
[2025-08-11 13:18:19] INFO: Schema 'cardealership' ensured
[2025-08-11 13:18:19] INFO: Database synced
[2025-08-11 13:18:19] INFO: [45mServer started successfully on port 3000[49m
[2025-08-11 13:25:47] INFO: Connected to PostgreSQL database
[2025-08-11 13:25:47] INFO: Schema 'cardealership' ensured
[2025-08-11 13:25:47] INFO: Database synced
[2025-08-11 13:25:47] INFO: [45mServer started successfully on port 3000[49m
[2025-08-11 13:29:09] INFO: Connected to PostgreSQL database
[2025-08-11 13:29:09] INFO: Schema 'cardealership' ensured
[2025-08-11 13:29:09] INFO: Database synced
[2025-08-11 13:29:09] INFO: [45mServer started successfully on port 3000[49m
[2025-08-11 13:29:27] HTTP: ::1 - - [11/Aug/2025:10:29:27 +0000] "POST /auth/signin HTTP/1.1" 200 285 "-" "PostmanRuntime/7.45.0"
[2025-08-11 13:29:52] HTTP: ::1 - - [11/Aug/2025:10:29:52 +0000] "GET /users/1 HTTP/1.1" 200 192 "-" "PostmanRuntime/7.45.0"
[2025-08-11 13:30:31] HTTP: ::1 - - [11/Aug/2025:10:30:31 +0000] "GET /users HTTP/1.1" 200 382 "-" "PostmanRuntime/7.45.0"
[2025-08-11 13:33:02] INFO: Connected to PostgreSQL database
[2025-08-11 13:33:02] INFO: Schema 'cardealership' ensured
[2025-08-11 13:33:02] INFO: Database synced
[2025-08-11 13:33:02] INFO: [45mServer started successfully on port 3000[49m
[2025-08-11 13:33:19] HTTP: ::1 - - [11/Aug/2025:10:33:19 +0000] "GET /users/1 HTTP/1.1" 200 192 "-" "PostmanRuntime/7.45.0"
[2025-08-12 11:55:29] INFO: Connected to PostgreSQL database
[2025-08-12 11:55:29] INFO: Schema 'cardealership' ensured
[2025-08-12 11:55:29] INFO: Database synced
[2025-08-12 11:55:29] INFO: [45mServer started successfully on port 3000[49m
